# message.pb ExplicitWireTypes
1:VARINT 101
2:VARINT 102
3:VARINT 103
4:VARINT 104
5:VARINT 210
6:VARINT 212
7:I32 107i32
8:I64 108i64
9:I32 109i32
10:I64 110i64
11:I32 111.0i32   # 0x42de0000i32
12:I64 112.0      # 0x405c000000000000i64
13:VARINT 1
14:LEN {"115"}
15:LEN {"116"}
16:SGROUP
  17:VARINT 117
16:EGROUP
18:LEN {1:VARINT 118}
19:LEN {1:VARINT 119}
20:LEN {1:VARINT 120}
21:VARINT 3
22:VARINT 6
23:VARINT 9
24:LEN {"124"}
25:LEN {"125"}
26:LEN {1:VARINT 126}
27:LEN {1:VARINT 127}
28:LEN {1:VARINT 128}
31:VARINT 201
31:VARINT 301
32:VARINT 202
32:VARINT 302
33:VARINT 203
33:VARINT 303
34:VARINT 204
34:VARINT 304
35:VARINT 410
35:VARINT 610
36:VARINT 412
36:VARINT 612
37:I32 207i32
37:I32 307i32
38:I64 208i64
38:I64 308i64
39:I32 209i32
39:I32 309i32
40:I64 210i64
40:I64 310i64
41:I32 211.0i32   # 0x43530000i32
41:I32 311.0i32   # 0x439b8000i32
42:I64 212.0      # 0x406a800000000000i64
42:I64 312.0      # 0x4073800000000000i64
43:VARINT 1
43:VARINT 0
44:LEN {"215"}
44:LEN {"315"}
45:LEN {"216"}
45:LEN {"316"}
46:SGROUP
  47:VARINT 217
46:EGROUP
46:SGROUP
  47:VARINT 317
46:EGROUP
48:LEN {1:VARINT 218}
48:LEN {1:VARINT 318}
49:LEN {1:VARINT 219}
49:LEN {1:VARINT 319}
50:LEN {1:VARINT 220}
50:LEN {1:VARINT 320}
51:VARINT 2
51:VARINT 3
52:VARINT 5
52:VARINT 6
53:VARINT 8
53:VARINT 9
54:LEN {"224"}
54:LEN {"324"}
55:LEN {"225"}
55:LEN {"325"}
57:LEN {1:VARINT 227}
57:LEN {1:VARINT 327}
61:VARINT 401
62:VARINT 402
63:VARINT 403
64:VARINT 404
65:VARINT 810
66:VARINT 812
67:I32 407i32
68:I64 408i64
69:I32 409i32
70:I64 410i64
71:I32 411.0i32   # 0x43cd8000i32
72:I64 412.0      # 0x4079c00000000000i64
73:VARINT 0
74:LEN {"415"}
75:LEN {"416"}
81:VARINT 1
82:VARINT 4
83:VARINT 7
84:LEN {"424"}
85:LEN {"425"}
111:VARINT 601
112:LEN {1:VARINT 602}
113:LEN {"603"}
114:LEN {"604"}
