# message.pb 
1: 101
2: 102
3: 103
4: 104
5: 210
6: 212
7: 107i32
8: 108i64
9: 109i32
10: 110i64
11: 111.0i32  # 0x42de0000i32
12: 112.0     # 0x405c000000000000i64
13: 1
14: {"115"}
15: {"116"}
16: !{17: 117}
18: {1: 118}
19: {1: 119}
20: {1: 120}
21: 3
22: 6
23: 9
24: {"124"}
25: {"125"}
26: {1: 126}
27: {1: 127}
28: {1: 128}
31: 201
31: 301
32: 202
32: 302
33: 203
33: 303
34: 204
34: 304
35: 410
35: 610
36: 412
36: 612
37: 207i32
37: 307i32
38: 208i64
38: 308i64
39: 209i32
39: 309i32
40: 210i64
40: 310i64
41: 211.0i32  # 0x43530000i32
41: 311.0i32  # 0x439b8000i32
42: 212.0     # 0x406a800000000000i64
42: 312.0     # 0x4073800000000000i64
43: 1
43: 0
44: {"215"}
44: {"315"}
45: {"216"}
45: {"316"}
46: !{47: 217}
46: !{47: 317}
48: {1: 218}
48: {1: 318}
49: {1: 219}
49: {1: 319}
50: {1: 220}
50: {1: 320}
51: 2
51: 3
52: 5
52: 6
53: 8
53: 9
54: {"224"}
54: {"324"}
55: {"225"}
55: {"325"}
57: {1: 227}
57: {1: 327}
61: 401
62: 402
63: 403
64: 404
65: 810
66: 812
67: 407i32
68: 408i64
69: 409i32
70: 410i64
71: 411.0i32  # 0x43cd8000i32
72: 412.0     # 0x4079c00000000000i64
73: 0
74: {"415"}
75: {"416"}
81: 1
82: 4
83: 7
84: {"424"}
85: {"425"}
111: 601
112: {1: 602}
113: {"603"}
114: {"604"}
