# packed.pb
90: {`d904bd05`}
91: {`da04be05`}
92: {`db04bf05`}
93: {`dc04c005`}
94: {`ba09820b`}
95: {
  151:EGROUP
  176:EGROUP
}
96: {`5f020000c3020000`}
97: {`6002000000000000c402000000000000`}
98: {`61020000c5020000`}
99: {`6202000000000000c602000000000000`}
100: {`00c0184400c03144`}
101: {`00000000002083400000000000408640`}
102: {`0100`}
103: {`0506`}
