# packed.pb Schema=unittest.TestPackedTypes
90: {601 701}
91: {602 702}
92: {603 703}
93: {604 704}
94: {605z 705z}
95: {606z 706z}
96: {607i32 707i32}
97: {608i64 708i64}
98: {609i32 709i32}
99: {610i64 710i64}
100: {
  611.0i32  # 0x4418c000i32
  711.0i32  # 0x4431c000i32
}
101: {
  612.0   # 0x4083200000000000i64
  712.0   # 0x4086400000000000i64
}
102: {true false}
103: {5 6}
