# proto3.pb
31: {`65ad02`}
32: {`ca01ae02`}
33: {`cb01af02`}
34: {`cc01b002`}
35: {`9a03e204`}
36: {
  51:EGROUP
  76:EGROUP
}
37: {`cf00000033010000`}
38: {`d0000000000000003401000000000000`}
39: {`d100000035010000`}
40: {`d2000000000000003601000000000000`}
41: {`0000534300809b43`}
42: {`0000000000806a400000000000807340`}
43: {`0100`}
44: {"215"}
44: {"315"}
45: {"216"}
45: {"316"}
48: {1: 218}
48: {1: 318}
49: {1: 219}
49: {1: 319}
50: {1: 220}
50: {1: 320}
51: {`0203`}
52: {`0506`}
54: {"224"}
54: {"324"}
55: {"225"}
55: {"325"}
57: {1: 227}
57: {1: 327}
114: {"604"}
